
2026-03-01T00:52:22 | run_id=research_20260301_005222 start
2026-03-01T00:52:22 | step=bootstrap_merge iter=0 attempt=0 start
2026-03-01T00:53:07 | step=bootstrap_merge iter=0 attempt=0 alive
2026-03-01T00:53:52 | step=bootstrap_merge iter=0 attempt=0 alive
2026-03-01T00:54:37 | step=bootstrap_merge iter=0 attempt=0 alive
2026-03-01T00:55:22 | step=bootstrap_merge iter=0 attempt=0 alive
2026-03-01T00:56:07 | step=bootstrap_merge iter=0 attempt=0 alive
2026-03-01T00:56:52 | step=bootstrap_merge iter=0 attempt=0 alive
2026-03-01T00:56:53 | step=bootstrap_merge iter=0 attempt=0 success
2026-03-01T00:56:53 | step=director_preflight iter=0 attempt=0 start
2026-03-01T00:57:38 | step=director_preflight iter=0 attempt=0 alive
2026-03-01T00:58:23 | step=director_preflight iter=0 attempt=0 alive
2026-03-01T00:59:08 | step=director_preflight iter=0 attempt=0 alive
2026-03-01T00:59:53 | step=director_preflight iter=0 attempt=0 alive
2026-03-01T01:00:38 | step=director_preflight iter=0 attempt=0 alive
2026-03-01T01:01:23 | step=director_preflight iter=0 attempt=0 alive
2026-03-01T01:01:23 | step=director_preflight iter=0 attempt=0 success
2026-03-01T01:01:23 | step=researcher iter=1 attempt=0 start
2026-03-01T01:02:08 | step=researcher iter=1 attempt=0 alive
2026-03-01T01:02:53 | step=researcher iter=1 attempt=0 alive
